------------------------------------------------------------
TimeQuest Timing Analyzer Summary
------------------------------------------------------------

Type  : Slow 1200mV 85C Model Setup 'clk'
Slack : -5.340
TNS   : -144.861

Type  : Slow 1200mV 85C Model Setup 'manual_plus'
Slack : -2.381
TNS   : -16.613

Type  : Slow 1200mV 85C Model Hold 'clk'
Slack : 0.657
TNS   : 0.000

Type  : Slow 1200mV 85C Model Hold 'manual_plus'
Slack : 1.193
TNS   : 0.000

Type  : Slow 1200mV 85C Model Minimum Pulse Width 'clk'
Slack : -3.201
TNS   : -125.161

Type  : Slow 1200mV 85C Model Minimum Pulse Width 'manual_plus'
Slack : -3.000
TNS   : -14.896

Type  : Slow 1200mV 0C Model Setup 'clk'
Slack : -4.831
TNS   : -131.369

Type  : Slow 1200mV 0C Model Setup 'manual_plus'
Slack : -2.110
TNS   : -14.794

Type  : Slow 1200mV 0C Model Hold 'clk'
Slack : 0.598
TNS   : 0.000

Type  : Slow 1200mV 0C Model Hold 'manual_plus'
Slack : 1.106
TNS   : 0.000

Type  : Slow 1200mV 0C Model Minimum Pulse Width 'clk'
Slack : -3.201
TNS   : -125.161

Type  : Slow 1200mV 0C Model Minimum Pulse Width 'manual_plus'
Slack : -3.000
TNS   : -14.896

Type  : Fast 1200mV 0C Model Setup 'clk'
Slack : -1.510
TNS   : -30.532

Type  : Fast 1200mV 0C Model Setup 'manual_plus'
Slack : -0.515
TNS   : -2.904

Type  : Fast 1200mV 0C Model Hold 'clk'
Slack : 0.254
TNS   : 0.000

Type  : Fast 1200mV 0C Model Hold 'manual_plus'
Slack : 0.471
TNS   : 0.000

Type  : Fast 1200mV 0C Model Minimum Pulse Width 'clk'
Slack : -3.000
TNS   : -89.945

Type  : Fast 1200mV 0C Model Minimum Pulse Width 'manual_plus'
Slack : -3.000
TNS   : -14.184

------------------------------------------------------------
